#
# There is insufficient memory for the Java Runtime Environment to continue.
# Native memory allocation (malloc) failed to allocate 1048576 bytes. Error detail: AllocateHeap
# Possible reasons:
#   The system is out of physical RAM or swap space
#   This process is running with CompressedOops enabled, and the Java Heap may be blocking the growth of the native heap
# Possible solutions:
#   Reduce memory load on the system
#   Increase physical memory or swap space
#   Check if swap backing store is full
#   Decrease Java heap size (-Xmx/-Xms)
#   Decrease number of Java threads
#   Decrease Java thread stack sizes (-Xss)
#   Set larger code cache with -XX:ReservedCodeCacheSize=
#   JVM is running with Unscaled Compressed Oops mode in which the Java heap is
#     placed in the first 4GB address space. The Java Heap base address is the
#     maximum limit for the native heap growth. Please use -XX:HeapBaseMinAddress
#     to set the Java Heap base and to place the Java Heap above 4GB virtual address.
# This output file may be truncated or incomplete.
#
#  Out of Memory Error (allocation.cpp:44), pid=17228, tid=10276
#
# JRE version: OpenJDK Runtime Environment Temurin-21.0.12.1+1 (21.0.12.1+1) (build 21.0.12.1+1-LTS)
# Java VM: OpenJDK 64-Bit Server VM Temurin-21.0.12.1+1 (21.0.12.1+1-LTS, mixed mode, sharing, tiered, compressed oops, compressed class ptrs, parallel gc, windows-amd64)
# No core dump will be written. Minidumps are not enabled by default on client versions of Windows
#

---------------  S U M M A R Y ------------

Command Line: --add-modules=ALL-SYSTEM --add-opens=java.base/java.util=ALL-UNNAMED --add-opens=java.base/java.lang=ALL-UNNAMED --add-opens=java.base/sun.nio.fs=ALL-UNNAMED -Declipse.application=org.eclipse.jdt.ls.core.id1 -Dosgi.bundles.defaultStartLevel=4 -Declipse.product=org.eclipse.jdt.ls.core.product -Djava.import.generatesMetadataFilesAtProjectRoot=false -Dm2e.project.cache.size=50 -DDetectVMInstallationsJob.disabled=true -Dfile.encoding=utf8 -XX:+UseParallelGC -XX:GCTimeRatio=4 -XX:AdaptiveSizePolicyWeight=90 -Dsun.zip.disableMemoryMapping=true -Xmx2G -Xms100m -Xlog:disable -javaagent:c:\Users\3031460\.vscode\extensions\redhat.java-1.56.0-win32-x64\lombok\lombok-1.18.39-4050.jar -XX:+HeapDumpOnOutOfMemoryError -XX:HeapDumpPath=c:\Users\3031460\AppData\Roaming\Code\User\workspaceStorage\4c784b4f12ec0b719920d6c1e88dc6bb\redhat.java -Daether.dependencyCollector.impl=bf c:\Users\3031460\.vscode\extensions\redhat.java-1.56.0-win32-x64\server\plugins\org.eclipse.equinox.launcher_1.8.0.v20260804-1928.jar -configuration c:\Users\3031460\AppData\Roaming\Code\User\globalStorage\redhat.java\1.56.0\config_win -data c:\Users\3031460\AppData\Roaming\Code\User\workspaceStorage\4c784b4f12ec0b719920d6c1e88dc6bb\redhat.java\jdt_ws --pipe=\\.\pipe\lsp-630df4c5c888ddc83ada0c25490affbe-sock

Host: 13th Gen Intel(R) Core(TM) i5-1334U, 12 cores, 15G,  Windows 11 , 64 bit Build 26100 (10.0.26100.9168)
Time: Thu Sep 17 15:41:13 2026 elapsed time: 1398.249264 seconds (0d 0h 23m 18s)

---------------  T H R E A D  ---------------

Current thread (0x000001b877bcb480):  JavaThread "Attach Listener" daemon [_thread_in_vm, id=10276, stack(0x0000002f31300000,0x0000002f31400000) (1024K)]

Stack: [0x0000002f31300000,0x0000002f31400000]
Native frames: (J=compiled Java code, j=interpreted, Vv=VM code, C=native code)
V  [jvm.dll+0x6d83e9]
V  [jvm.dll+0x8b5736]
V  [jvm.dll+0x8b7cee]
V  [jvm.dll+0x8b83d3]
V  [jvm.dll+0x284596]
V  [jvm.dll+0xc13c7]
V  [jvm.dll+0x6d8c99]
V  [jvm.dll+0x133616]
V  [jvm.dll+0x3f8aae]
V  [jvm.dll+0x8600cd]
V  [jvm.dll+0x6d6c1d]
C  [ucrtbase.dll+0x2cd30]
C  [KERNEL32.DLL+0x2ccb7]
C  [ntdll.dll+0xaad6c]


---------------  P R O C E S S  ---------------

Threads class SMR info:
_java_thread_list=0x000001b842dc8170, length=53, elements={
0x000001b85f21c180, 0x000001b875ccd9c0, 0x000001b875cce620, 0x000001b877bc81a0,
0x000001b877bcb480, 0x000001b877bcc290, 0x000001b877bcccf0, 0x000001b877bcdb30,
0x000001b877bdcac0, 0x000001b877d53360, 0x000001b877f0f2c0, 0x000001b87c580a60,
0x000001b87c71dd50, 0x000001b87c9df5d0, 0x000001b87c9f5bf0, 0x000001b87cc8ed30,
0x000001b87d165800, 0x000001b877d6a870, 0x000001b877f4ca70, 0x000001b877f4c3e0,
0x000001b877f4eb40, 0x000001b877f4d790, 0x000001b877f4de20, 0x000001b87d855ef0,
0x000001b87d859a00, 0x000001b87d857fc0, 0x000001b87d8572a0, 0x000001b87d857930,
0x000001b87d858ce0, 0x000001b87d856580, 0x000001b87d856c10, 0x000001b87d85a720,
0x000001b87d85b440, 0x000001b87d85bad0, 0x000001b87d859370, 0x000001b87d85a090,
0x000001b87d85adb0, 0x000001b87d858650, 0x000001b87d85c160, 0x000001b87d85c7f0,
0x000001b87d398720, 0x000001b87d398db0, 0x000001b87d399440, 0x000001b87d39b510,
0x000001b87d39a160, 0x000001b87d39bba0, 0x000001b87d39f020, 0x000001b87d39c230,
0x000001b87d39f6b0, 0x000001b87d39c8c0, 0x000001b87d39cf50, 0x000001b87c481e60,
0x000001b87c484c50
}

Java Threads: ( => current thread )
  0x000001b85f21c180 JavaThread "main"                              [_thread_blocked, id=21332, stack(0x0000002f30c00000,0x0000002f30d00000) (1024K)]
  0x000001b875ccd9c0 JavaThread "Reference Handler"          daemon [_thread_blocked, id=19156, stack(0x0000002f31000000,0x0000002f31100000) (1024K)]
  0x000001b875cce620 JavaThread "Finalizer"                  daemon [_thread_blocked, id=11704, stack(0x0000002f31100000,0x0000002f31200000) (1024K)]
  0x000001b877bc81a0 JavaThread "Signal Dispatcher"          daemon [_thread_blocked, id=29144, stack(0x0000002f31200000,0x0000002f31300000) (1024K)]
=>0x000001b877bcb480 JavaThread "Attach Listener"            daemon [_thread_in_vm, id=10276, stack(0x0000002f31300000,0x0000002f31400000) (1024K)]
  0x000001b877bcc290 JavaThread "Service Thread"             daemon [_thread_blocked, id=4776, stack(0x0000002f31400000,0x0000002f31500000) (1024K)]
  0x000001b877bcccf0 JavaThread "Monitor Deflation Thread"   daemon [_thread_blocked, id=20224, stack(0x0000002f31500000,0x0000002f31600000) (1024K)]
  0x000001b877bcdb30 JavaThread "C2 CompilerThread0"         daemon [_thread_blocked, id=2256, stack(0x0000002f31600000,0x0000002f31700000) (1024K)]
  0x000001b877bdcac0 JavaThread "C1 CompilerThread0"         daemon [_thread_blocked, id=24860, stack(0x0000002f31700000,0x0000002f31800000) (1024K)]
  0x000001b877d53360 JavaThread "Common-Cleaner"             daemon [_thread_blocked, id=29072, stack(0x0000002f31800000,0x0000002f31900000) (1024K)]
  0x000001b877f0f2c0 JavaThread "Notification Thread"        daemon [_thread_blocked, id=21296, stack(0x0000002f31900000,0x0000002f31a00000) (1024K)]
  0x000001b87c580a60 JavaThread "Active Thread: Equinox Container: e54d18d2-25ca-4a83-b0f2-360911f4da10"        [_thread_blocked, id=23120, stack(0x0000002f31a00000,0x0000002f31b00000) (1024K)]
  0x000001b87c71dd50 JavaThread "Refresh Thread: Equinox Container: e54d18d2-25ca-4a83-b0f2-360911f4da10" daemon [_thread_blocked, id=17600, stack(0x0000002f32300000,0x0000002f32400000) (1024K)]
  0x000001b87c9df5d0 JavaThread "Framework Event Dispatcher: Equinox Container: e54d18d2-25ca-4a83-b0f2-360911f4da10" daemon [_thread_blocked, id=29256, stack(0x0000002f32400000,0x0000002f32500000) (1024K)]
  0x000001b87c9f5bf0 JavaThread "Start Level: Equinox Container: e54d18d2-25ca-4a83-b0f2-360911f4da10" daemon [_thread_blocked, id=6120, stack(0x0000002f32500000,0x0000002f32600000) (1024K)]
  0x000001b87cc8ed30 JavaThread "Bundle File Closer"         daemon [_thread_blocked, id=23556, stack(0x0000002f32800000,0x0000002f32900000) (1024K)]
  0x000001b87d165800 JavaThread "SCR Component Actor"        daemon [_thread_blocked, id=21128, stack(0x0000002f31b00000,0x0000002f31c00000) (1024K)]
  0x000001b877d6a870 JavaThread "Worker-JM"                         [_thread_blocked, id=26568, stack(0x0000002f32b00000,0x0000002f32c00000) (1024K)]
  0x000001b877f4ca70 JavaThread "JNA Cleaner"                daemon [_thread_blocked, id=12884, stack(0x0000002f32c00000,0x0000002f32d00000) (1024K)]
  0x000001b877f4c3e0 JavaThread "Java indexing"              daemon [_thread_blocked, id=8336, stack(0x0000002f32e00000,0x0000002f32f00000) (1024K)]
  0x000001b877f4eb40 JavaThread "Worker-2"                          [_thread_blocked, id=23164, stack(0x0000002f33300000,0x0000002f33400000) (1024K)]
  0x000001b877f4d790 JavaThread "Worker-5"                          [_thread_blocked, id=32684, stack(0x0000002f33600000,0x0000002f33700000) (1024K)]
  0x000001b877f4de20 JavaThread "Thread-1"                   daemon [_thread_in_native, id=4628, stack(0x0000002f33700000,0x0000002f33800000) (1024K)]
  0x000001b87d855ef0 JavaThread "Thread-2"                   daemon [_thread_in_native, id=14256, stack(0x0000002f33800000,0x0000002f33900000) (1024K)]
  0x000001b87d859a00 JavaThread "Thread-3"                   daemon [_thread_in_native, id=6632, stack(0x0000002f33900000,0x0000002f33a00000) (1024K)]
  0x000001b87d857fc0 JavaThread "Thread-4"                   daemon [_thread_in_native, id=1516, stack(0x0000002f33a00000,0x0000002f33b00000) (1024K)]
  0x000001b87d8572a0 JavaThread "Thread-5"                   daemon [_thread_in_native, id=19248, stack(0x0000002f33b00000,0x0000002f33c00000) (1024K)]
  0x000001b87d857930 JavaThread "Thread-6"                   daemon [_thread_in_native, id=21268, stack(0x0000002f33c00000,0x0000002f33d00000) (1024K)]
  0x000001b87d858ce0 JavaThread "Thread-7"                   daemon [_thread_in_native, id=28964, stack(0x0000002f33d00000,0x0000002f33e00000) (1024K)]
  0x000001b87d856580 JavaThread "Thread-8"                   daemon [_thread_in_native, id=26292, stack(0x0000002f33e00000,0x0000002f33f00000) (1024K)]
  0x000001b87d856c10 JavaThread "Thread-9"                   daemon [_thread_in_native, id=1232, stack(0x0000002f33f00000,0x0000002f34000000) (1024K)]
  0x000001b87d85a720 JavaThread "Thread-10"                  daemon [_thread_in_native, id=18828, stack(0x0000002f34000000,0x0000002f34100000) (1024K)]
  0x000001b87d85b440 JavaThread "Thread-11"                  daemon [_thread_in_native, id=26960, stack(0x0000002f34100000,0x0000002f34200000) (1024K)]
  0x000001b87d85bad0 JavaThread "Thread-12"                  daemon [_thread_in_native, id=1968, stack(0x0000002f34200000,0x0000002f34300000) (1024K)]
  0x000001b87d859370 JavaThread "Thread-13"                  daemon [_thread_in_native, id=25056, stack(0x0000002f34300000,0x0000002f34400000) (1024K)]
  0x000001b87d85a090 JavaThread "pool-2-thread-1"                   [_thread_blocked, id=21196, stack(0x0000002f34400000,0x0000002f34500000) (1024K)]
  0x000001b87d85adb0 JavaThread "WorkspaceEventsHandler"            [_thread_blocked, id=27328, stack(0x0000002f34500000,0x0000002f34600000) (1024K)]
  0x000001b87d858650 JavaThread "pool-1-thread-1"                   [_thread_blocked, id=4172, stack(0x0000002f34600000,0x0000002f34700000) (1024K)]
  0x000001b87d85c160 JavaThread "PatternSearchJob-worker-1"  daemon [_thread_blocked, id=5128, stack(0x0000002f32f00000,0x0000002f33000000) (1024K)]
  0x000001b87d85c7f0 JavaThread "PatternSearchJob-worker-2"  daemon [_thread_blocked, id=17564, stack(0x0000002f34700000,0x0000002f34800000) (1024K)]
  0x000001b87d398720 JavaThread "PatternSearchJob-worker-5"  daemon [_thread_blocked, id=31760, stack(0x0000002f34a00000,0x0000002f34b00000) (1024K)]
  0x000001b87d398db0 JavaThread "PatternSearchJob-worker-6"  daemon [_thread_blocked, id=8388, stack(0x0000002f34b00000,0x0000002f34c00000) (1024K)]
  0x000001b87d399440 JavaThread "PatternSearchJob-worker-7"  daemon [_thread_blocked, id=3076, stack(0x0000002f34c00000,0x0000002f34d00000) (1024K)]
  0x000001b87d39b510 JavaThread "PatternSearchJob-worker-8"  daemon [_thread_blocked, id=26628, stack(0x0000002f34d00000,0x0000002f34e00000) (1024K)]
  0x000001b87d39a160 JavaThread "PatternSearchJob-worker-9"  daemon [_thread_blocked, id=31564, stack(0x0000002f34e00000,0x0000002f34f00000) (1024K)]
  0x000001b87d39bba0 JavaThread "Timer-0"                           [_thread_blocked, id=23700, stack(0x0000002f35200000,0x0000002f35300000) (1024K)]
  0x000001b87d39f020 JavaThread "Timer-1"                           [_thread_blocked, id=28244, stack(0x0000002f35300000,0x0000002f35400000) (1024K)]
  0x000001b87d39c230 JavaThread "Timer-2"                           [_thread_blocked, id=3476, stack(0x0000002f35400000,0x0000002f35500000) (1024K)]
  0x000001b87d39f6b0 JavaThread "Timer-3"                           [_thread_blocked, id=30916, stack(0x0000002f35600000,0x0000002f35700000) (1024K)]
  0x000001b87d39c8c0 JavaThread "Timer-4"                           [_thread_blocked, id=17008, stack(0x0000002f35700000,0x0000002f35800000) (1024K)]
  0x000001b87d39cf50 JavaThread "Timer-5"                           [_thread_blocked, id=30828, stack(0x0000002f32900000,0x0000002f32a00000) (1024K)]
  0x000001b87c481e60 JavaThread "Timer-6"                           [_thread_blocked, id=26600, stack(0x0000002f35800000,0x0000002f35900000) (1024K)]
  0x000001b87c484c50 JavaThread "Timer-7"                           [_thread_blocked, id=29496, stack(0x0000002f35b00000,0x0000002f35c00000) (1024K)]
Total: 53

Other Threads:
  0x000001b875cb3730 VMThread "VM Thread"                           [id=27900, stack(0x0000002f30f00000,0x0000002f31000000) (1024K)]
  0x000001b875baca10 WatcherThread "VM Periodic Task Thread"        [id=20452, stack(0x0000002f30e00000,0x0000002f30f00000) (1024K)]
  0x000001b85f238ca0 WorkerThread "GC Thread#0"                     [id=5852, stack(0x0000002f30d00000,0x0000002f30e00000) (1024K)]
  0x000001b87c2f4930 WorkerThread "GC Thread#1"                     [id=32680, stack(0x0000002f31c00000,0x0000002f31d00000) (1024K)]
  0x000001b877fa6d90 WorkerThread "GC Thread#2"                     [id=1656, stack(0x0000002f31d00000,0x0000002f31e00000) (1024K)]
  0x000001b87c549f20 WorkerThread "GC Thread#3"                     [id=20460, stack(0x0000002f31e00000,0x0000002f31f00000) (1024K)]
  0x000001b87c54a2d0 WorkerThread "GC Thread#4"                     [id=26848, stack(0x0000002f31f00000,0x0000002f32000000) (1024K)]
  0x000001b877f97f90 WorkerThread "GC Thread#5"                     [id=22240, stack(0x0000002f32000000,0x0000002f32100000) (1024K)]
  0x000001b877f98340 WorkerThread "GC Thread#6"                     [id=392, stack(0x0000002f32100000,0x0000002f32200000) (1024K)]
  0x000001b87c7cbbf0 WorkerThread "GC Thread#7"                     [id=19668, stack(0x0000002f32200000,0x0000002f32300000) (1024K)]
  0x000001b87cc9f6e0 WorkerThread "GC Thread#8"                     [id=15728, stack(0x0000002f32600000,0x0000002f32700000) (1024K)]
  0x000001b87cc9fa90 WorkerThread "GC Thread#9"                     [id=28276, stack(0x0000002f32700000,0x0000002f32800000) (1024K)]
Total: 12

Threads with active compile tasks:
Total: 0

VM state: not at safepoint (normal execution)

VM Mutex/Monitor currently owned by a thread: None

Heap address: 0x0000000080000000, size: 2048 MB, Compressed Oops mode: 32-bit

CDS archive(s) mapped at: [0x000001b800000000-0x000001b800ba0000-0x000001b800ba0000), size 12189696, SharedBaseAddress: 0x000001b800000000, ArchiveRelocationMode: 1.
Compressed class space mapped at: 0x000001b801000000-0x000001b841000000, reserved size: 1073741824
Narrow klass base: 0x000001b800000000, Narrow klass shift: 0, Narrow klass range: 0x100000000

GC Precious Log:
 CardTable entry size: 512
 CPUs: 12 total, 12 available
 Memory: 16016M
 Large Page Support: Disabled
 NUMA Support: Disabled
 Compressed Oops: Enabled (32-bit)
 Alignments: Space 512K, Generation 512K, Heap 2M
 Heap Min Capacity: 100M
 Heap Initial Capacity: 100M
 Heap Max Capacity: 2G
 Pre-touch: Disabled
 Parallel Workers: 10

Heap:
 PSYoungGen      total 22016K, used 9498K [0x00000000d5580000, 0x00000000d6d80000, 0x0000000100000000)
  eden space 19968K, 39% used [0x00000000d5580000,0x00000000d5d1efc0,0x00000000d6900000)
  from space 2048K, 82% used [0x00000000d6b80000,0x00000000d6d27b08,0x00000000d6d80000)
  to   space 2048K, 0% used [0x00000000d6980000,0x00000000d6980000,0x00000000d6b80000)
 ParOldGen       total 88576K, used 88535K [0x0000000080000000, 0x0000000085680000, 0x00000000d5580000)
  object space 88576K, 99% used [0x0000000080000000,0x0000000085675cc8,0x0000000085680000)
 Metaspace       used 76585K, committed 78144K, reserved 1179648K
  class space    used 9404K, committed 10112K, reserved 1048576K

Card table byte_map: [0x000001b85ebc0000,0x000001b85efd0000] _byte_map_base: 0x000001b85e7c0000

Marking Bits: (ParMarkBitMap*) 0x00007ff84cef44a0
 Begin Bits: [0x000001b8716d0000, 0x000001b8736d0000)
 End Bits:   [0x000001b8736d0000, 0x000001b8756d0000)

Polling page: 0x000001b85d200000

Metaspace:

Usage:
  Non-class:     65.61 MB used.
      Class:      9.18 MB used.
       Both:     74.79 MB used.

Virtual space:
  Non-class space:      128.00 MB reserved,      66.44 MB ( 52%) committed,  2 nodes.
      Class space:        1.00 GB reserved,       9.88 MB ( <1%) committed,  1 nodes.
             Both:        1.12 GB reserved,      76.31 MB (  7%) committed. 

Chunk freelists:
   Non-Class:  13.04 MB
       Class:  6.09 MB
        Both:  19.13 MB

MaxMetaspaceSize: unlimited
CompressedClassSpaceSize: 1.00 GB
Initial GC threshold: 21.00 MB
Current GC threshold: 97.31 MB
CDS: on
 - commit_granule_bytes: 65536.
 - commit_granule_words: 8192.
 - virtual_space_node_default_size: 8388608.
 - enlarge_chunks_in_place: 1.
 - use_allocation_guard: 0.


Internal statistics:

num_allocs_failed_limit: 11.
num_arena_births: 1488.
num_arena_deaths: 42.
num_vsnodes_births: 3.
num_vsnodes_deaths: 0.
num_space_committed: 1221.
num_space_uncommitted: 0.
num_chunks_returned_to_freelist: 63.
num_chunks_taken_from_freelist: 5004.
num_chunk_merges: 18.
num_chunk_splits: 3146.
num_chunks_enlarged: 1913.
num_inconsistent_stats: 0.

CodeHeap 'non-profiled nmethods': size=120000Kb used=7475Kb max_used=7475Kb free=112524Kb
 bounds [0x000001b869ef0000, 0x000001b86a640000, 0x000001b871420000]
CodeHeap 'profiled nmethods': size=120000Kb used=20856Kb max_used=20856Kb free=99144Kb
 bounds [0x000001b862420000, 0x000001b863880000, 0x000001b869950000]
CodeHeap 'non-nmethods': size=5760Kb used=1436Kb max_used=1498Kb free=4323Kb
 bounds [0x000001b869950000, 0x000001b869bc0000, 0x000001b869ef0000]
CodeCache: size=245760Kb, used=29767Kb, max_used=29829Kb, free=215991Kb
 total_blobs=10445, nmethods=9692, adapters=658, full_count=0
Compilation: enabled, stopped_count=0, restarted_count=0

Compilation events (20 events):
Event: 1385.487 Thread 0x000001b877bcdb30 nmethod 10420 0x000001b86a63c910 code [0x000001b86a63caa0, 0x000001b86a63cb40]
Event: 1385.488 Thread 0x000001b877bdcac0 nmethod 10418 0x000001b86386c510 code [0x000001b86386ca00, 0x000001b86386ed88]
Event: 1385.488 Thread 0x000001b877bdcac0 10421       3       java.net.URI::decode (376 bytes)
Event: 1385.491 Thread 0x000001b877bdcac0 nmethod 10421 0x000001b86386fe90 code [0x000001b863870460, 0x000001b8638734f8]
Event: 1385.491 Thread 0x000001b877bdcac0 10419       3       org.eclipse.core.internal.filesystem.local.Win32Handler::convertFindDataWToFileInfo (188 bytes)
Event: 1385.492 Thread 0x000001b877bdcac0 nmethod 10419 0x000001b863874810 code [0x000001b863874ba0, 0x000001b863876428]
Event: 1385.493 Thread 0x000001b877bdcac0 10422       1       org.eclipse.core.internal.resources.Workspace::getAliasManager (5 bytes)
Event: 1385.493 Thread 0x000001b877bdcac0 nmethod 10422 0x000001b86a63cc10 code [0x000001b86a63cda0, 0x000001b86a63ce68]
Event: 1391.227 Thread 0x000001b877bdcac0 10423       3       sun.nio.fs.WindowsFileSystemProvider::getPath (9 bytes)
Event: 1391.227 Thread 0x000001b877bdcac0 nmethod 10423 0x000001b863876e90 code [0x000001b863877040, 0x000001b863877178]
Event: 1391.229 Thread 0x000001b877bdcac0 10425  s    3       org.eclipse.core.internal.filesystem.InternalFileSystemCore::getFileSystemRegistry (156 bytes)
Event: 1391.231 Thread 0x000001b877bdcac0 nmethod 10425 0x000001b863877210 code [0x000001b8638775c0, 0x000001b863879a08]
Event: 1391.231 Thread 0x000001b877bdcac0 10426       3       org.eclipse.core.internal.filesystem.InternalFileSystemCore::getInstance (4 bytes)
Event: 1391.231 Thread 0x000001b877bdcac0 nmethod 10426 0x000001b86387a610 code [0x000001b86387a7a0, 0x000001b86387a898]
Event: 1391.231 Thread 0x000001b877bdcac0 10424   !   3       org.eclipse.core.internal.filesystem.InternalFileSystemCore::getFileSystem (141 bytes)
Event: 1391.232 Thread 0x000001b877bdcac0 nmethod 10424 0x000001b86387a910 code [0x000001b86387ac00, 0x000001b86387bf50]
Event: 1391.232 Thread 0x000001b877bdcac0 10427       3       org.eclipse.jdt.ls.core.internal.filesystem.JLSFileSystem::getStore (26 bytes)
Event: 1391.232 Thread 0x000001b877bdcac0 nmethod 10427 0x000001b86387c590 code [0x000001b86387c800, 0x000001b86387cf78]
Event: 1391.232 Thread 0x000001b877bdcac0 10428   !   3       org.eclipse.core.internal.resources.WorkspaceRoot::getProjects (85 bytes)
Event: 1391.233 Thread 0x000001b877bdcac0 nmethod 10428 0x000001b86387d290 code [0x000001b86387d4c0, 0x000001b86387dd30]

GC Heap History (20 events):
Event: 32.117 GC heap before
{Heap before GC invocations=84 (full 3):
 PSYoungGen      total 21504K, used 21504K [0x00000000d5580000, 0x00000000d6c80000, 0x0000000100000000)
  eden space 20992K, 100% used [0x00000000d5580000,0x00000000d6a00000,0x00000000d6a00000)
  from space 512K, 100% used [0x00000000d6c00000,0x00000000d6c80000,0x00000000d6c80000)
  to   space 1024K, 0% used [0x00000000d6a80000,0x00000000d6a80000,0x00000000d6b80000)
 ParOldGen       total 80896K, used 80392K [0x0000000080000000, 0x0000000084f00000, 0x00000000d5580000)
  object space 80896K, 99% used [0x0000000080000000,0x0000000084e82280,0x0000000084f00000)
 Metaspace       used 72016K, committed 73536K, reserved 1114112K
  class space    used 8847K, committed 9536K, reserved 1048576K
}
Event: 32.119 GC heap after
{Heap after GC invocations=84 (full 3):
 PSYoungGen      total 22016K, used 576K [0x00000000d5580000, 0x00000000d6c80000, 0x0000000100000000)
  eden space 20992K, 0% used [0x00000000d5580000,0x00000000d5580000,0x00000000d6a00000)
  from space 1024K, 56% used [0x00000000d6a80000,0x00000000d6b10000,0x00000000d6b80000)
  to   space 1024K, 0% used [0x00000000d6b80000,0x00000000d6b80000,0x00000000d6c80000)
 ParOldGen       total 80896K, used 80760K [0x0000000080000000, 0x0000000084f00000, 0x00000000d5580000)
  object space 80896K, 99% used [0x0000000080000000,0x0000000084ede280,0x0000000084f00000)
 Metaspace       used 72016K, committed 73536K, reserved 1114112K
  class space    used 8847K, committed 9536K, reserved 1048576K
}
Event: 32.145 GC heap before
{Heap before GC invocations=85 (full 3):
 PSYoungGen      total 22016K, used 21568K [0x00000000d5580000, 0x00000000d6c80000, 0x0000000100000000)
  eden space 20992K, 100% used [0x00000000d5580000,0x00000000d6a00000,0x00000000d6a00000)
  from space 1024K, 56% used [0x00000000d6a80000,0x00000000d6b10000,0x00000000d6b80000)
  to   space 1024K, 0% used [0x00000000d6b80000,0x00000000d6b80000,0x00000000d6c80000)
 ParOldGen       total 80896K, used 80760K [0x0000000080000000, 0x0000000084f00000, 0x00000000d5580000)
  object space 80896K, 99% used [0x0000000080000000,0x0000000084ede280,0x0000000084f00000)
 Metaspace       used 72021K, committed 73536K, reserved 1114112K
  class space    used 8847K, committed 9536K, reserved 1048576K
}
Event: 32.147 GC heap after
{Heap after GC invocations=85 (full 3):
 PSYoungGen      total 22016K, used 608K [0x00000000d5580000, 0x00000000d6c80000, 0x0000000100000000)
  eden space 20992K, 0% used [0x00000000d5580000,0x00000000d5580000,0x00000000d6a00000)
  from space 1024K, 59% used [0x00000000d6b80000,0x00000000d6c18000,0x00000000d6c80000)
  to   space 1024K, 0% used [0x00000000d6a80000,0x00000000d6a80000,0x00000000d6b80000)
 ParOldGen       total 81408K, used 81112K [0x0000000080000000, 0x0000000084f80000, 0x00000000d5580000)
  object space 81408K, 99% used [0x0000000080000000,0x0000000084f36290,0x0000000084f80000)
 Metaspace       used 72021K, committed 73536K, reserved 1114112K
  class space    used 8847K, committed 9536K, reserved 1048576K
}
Event: 32.168 GC heap before
{Heap before GC invocations=86 (full 3):
 PSYoungGen      total 22016K, used 21600K [0x00000000d5580000, 0x00000000d6c80000, 0x0000000100000000)
  eden space 20992K, 100% used [0x00000000d5580000,0x00000000d6a00000,0x00000000d6a00000)
  from space 1024K, 59% used [0x00000000d6b80000,0x00000000d6c18000,0x00000000d6c80000)
  to   space 1024K, 0% used [0x00000000d6a80000,0x00000000d6a80000,0x00000000d6b80000)
 ParOldGen       total 81408K, used 81112K [0x0000000080000000, 0x0000000084f80000, 0x00000000d5580000)
  object space 81408K, 99% used [0x0000000080000000,0x0000000084f36290,0x0000000084f80000)
 Metaspace       used 72040K, committed 73536K, reserved 1114112K
  class space    used 8851K, committed 9536K, reserved 1048576K
}
Event: 32.169 GC heap after
{Heap after GC invocations=86 (full 3):
 PSYoungGen      total 22016K, used 448K [0x00000000d5580000, 0x00000000d6c00000, 0x0000000100000000)
  eden space 20992K, 0% used [0x00000000d5580000,0x00000000d5580000,0x00000000d6a00000)
  from space 1024K, 43% used [0x00000000d6a80000,0x00000000d6af0000,0x00000000d6b80000)
  to   space 512K, 0% used [0x00000000d6b80000,0x00000000d6b80000,0x00000000d6c00000)
 ParOldGen       total 81408K, used 81376K [0x0000000080000000, 0x0000000084f80000, 0x00000000d5580000)
  object space 81408K, 99% used [0x0000000080000000,0x0000000084f78290,0x0000000084f80000)
 Metaspace       used 72040K, committed 73536K, reserved 1114112K
  class space    used 8851K, committed 9536K, reserved 1048576K
}
Event: 32.216 GC heap before
{Heap before GC invocations=87 (full 3):
 PSYoungGen      total 22016K, used 21440K [0x00000000d5580000, 0x00000000d6c00000, 0x0000000100000000)
  eden space 20992K, 100% used [0x00000000d5580000,0x00000000d6a00000,0x00000000d6a00000)
  from space 1024K, 43% used [0x00000000d6a80000,0x00000000d6af0000,0x00000000d6b80000)
  to   space 512K, 0% used [0x00000000d6b80000,0x00000000d6b80000,0x00000000d6c00000)
 ParOldGen       total 81408K, used 81376K [0x0000000080000000, 0x0000000084f80000, 0x00000000d5580000)
  object space 81408K, 99% used [0x0000000080000000,0x0000000084f78290,0x0000000084f80000)
 Metaspace       used 72110K, committed 73600K, reserved 1114112K
  class space    used 8856K, committed 9536K, reserved 1048576K
}
Event: 32.218 GC heap after
{Heap after GC invocations=87 (full 3):
 PSYoungGen      total 21504K, used 448K [0x00000000d5580000, 0x00000000d6c00000, 0x0000000100000000)
  eden space 20992K, 0% used [0x00000000d5580000,0x00000000d5580000,0x00000000d6a00000)
  from space 512K, 87% used [0x00000000d6b80000,0x00000000d6bf0000,0x00000000d6c00000)
  to   space 512K, 0% used [0x00000000d6b00000,0x00000000d6b00000,0x00000000d6b80000)
 ParOldGen       total 82944K, used 82304K [0x0000000080000000, 0x0000000085100000, 0x00000000d5580000)
  object space 82944K, 99% used [0x0000000080000000,0x0000000085060290,0x0000000085100000)
 Metaspace       used 72110K, committed 73600K, reserved 1114112K
  class space    used 8856K, committed 9536K, reserved 1048576K
}
Event: 32.286 GC heap before
{Heap before GC invocations=88 (full 3):
 PSYoungGen      total 21504K, used 21440K [0x00000000d5580000, 0x00000000d6c00000, 0x0000000100000000)
  eden space 20992K, 100% used [0x00000000d5580000,0x00000000d6a00000,0x00000000d6a00000)
  from space 512K, 87% used [0x00000000d6b80000,0x00000000d6bf0000,0x00000000d6c00000)
  to   space 512K, 0% used [0x00000000d6b00000,0x00000000d6b00000,0x00000000d6b80000)
 ParOldGen       total 82944K, used 82304K [0x0000000080000000, 0x0000000085100000, 0x00000000d5580000)
  object space 82944K, 99% used [0x0000000080000000,0x0000000085060290,0x0000000085100000)
 Metaspace       used 72242K, committed 73664K, reserved 1114112K
  class space    used 8871K, committed 9536K, reserved 1048576K
}
Event: 32.288 GC heap after
{Heap after GC invocations=88 (full 3):
 PSYoungGen      total 21504K, used 489K [0x00000000d5580000, 0x00000000d6d00000, 0x0000000100000000)
  eden space 20992K, 0% used [0x00000000d5580000,0x00000000d5580000,0x00000000d6a00000)
  from space 512K, 95% used [0x00000000d6b00000,0x00000000d6b7a650,0x00000000d6b80000)
  to   space 1536K, 0% used [0x00000000d6b80000,0x00000000d6b80000,0x00000000d6d00000)
 ParOldGen       total 82944K, used 82866K [0x0000000080000000, 0x0000000085100000, 0x00000000d5580000)
  object space 82944K, 99% used [0x0000000080000000,0x00000000850ec938,0x0000000085100000)
 Metaspace       used 72242K, committed 73664K, reserved 1114112K
  class space    used 8871K, committed 9536K, reserved 1048576K
}
Event: 32.381 GC heap before
{Heap before GC invocations=89 (full 3):
 PSYoungGen      total 21504K, used 21481K [0x00000000d5580000, 0x00000000d6d00000, 0x0000000100000000)
  eden space 20992K, 99% used [0x00000000d5580000,0x00000000d69ffff0,0x00000000d6a00000)
  from space 512K, 95% used [0x00000000d6b00000,0x00000000d6b7a650,0x00000000d6b80000)
  to   space 1536K, 0% used [0x00000000d6b80000,0x00000000d6b80000,0x00000000d6d00000)
 ParOldGen       total 82944K, used 82866K [0x0000000080000000, 0x0000000085100000, 0x00000000d5580000)
  object space 82944K, 99% used [0x0000000080000000,0x00000000850ec938,0x0000000085100000)
 Metaspace       used 72423K, committed 73920K, reserved 1114112K
  class space    used 8891K, committed 9600K, reserved 1048576K
}
Event: 32.384 GC heap after
{Heap after GC invocations=89 (full 3):
 PSYoungGen      total 21504K, used 1509K [0x00000000d5580000, 0x00000000d6f00000, 0x0000000100000000)
  eden space 19968K, 0% used [0x00000000d5580000,0x00000000d5580000,0x00000000d6900000)
  from space 1536K, 98% used [0x00000000d6b80000,0x00000000d6cf9588,0x00000000d6d00000)
  to   space 2560K, 0% used [0x00000000d6900000,0x00000000d6900000,0x00000000d6b80000)
 ParOldGen       total 83968K, used 83583K [0x0000000080000000, 0x0000000085200000, 0x00000000d5580000)
  object space 83968K, 99% used [0x0000000080000000,0x000000008519ff98,0x0000000085200000)
 Metaspace       used 72423K, committed 73920K, reserved 1114112K
  class space    used 8891K, committed 9600K, reserved 1048576K
}
Event: 32.696 GC heap before
{Heap before GC invocations=90 (full 3):
 PSYoungGen      total 21504K, used 21477K [0x00000000d5580000, 0x00000000d6f00000, 0x0000000100000000)
  eden space 19968K, 100% used [0x00000000d5580000,0x00000000d6900000,0x00000000d6900000)
  from space 1536K, 98% used [0x00000000d6b80000,0x00000000d6cf9588,0x00000000d6d00000)
  to   space 2560K, 0% used [0x00000000d6900000,0x00000000d6900000,0x00000000d6b80000)
 ParOldGen       total 83968K, used 83583K [0x0000000080000000, 0x0000000085200000, 0x00000000d5580000)
  object space 83968K, 99% used [0x0000000080000000,0x000000008519ff98,0x0000000085200000)
 Metaspace       used 73048K, committed 74560K, reserved 1179648K
  class space    used 8981K, committed 9664K, reserved 1048576K
}
Event: 32.699 GC heap after
{Heap after GC invocations=90 (full 3):
 PSYoungGen      total 22528K, used 1984K [0x00000000d5580000, 0x00000000d6e00000, 0x0000000100000000)
  eden space 19968K, 0% used [0x00000000d5580000,0x00000000d5580000,0x00000000d6900000)
  from space 2560K, 77% used [0x00000000d6900000,0x00000000d6af0020,0x00000000d6b80000)
  to   space 2560K, 0% used [0x00000000d6b80000,0x00000000d6b80000,0x00000000d6e00000)
 ParOldGen       total 85504K, used 85079K [0x0000000080000000, 0x0000000085380000, 0x00000000d5580000)
  object space 85504K, 99% used [0x0000000080000000,0x0000000085315c98,0x0000000085380000)
 Metaspace       used 73048K, committed 74560K, reserved 1179648K
  class space    used 8981K, committed 9664K, reserved 1048576K
}
Event: 33.306 GC heap before
{Heap before GC invocations=91 (full 3):
 PSYoungGen      total 22528K, used 21932K [0x00000000d5580000, 0x00000000d6e00000, 0x0000000100000000)
  eden space 19968K, 99% used [0x00000000d5580000,0x00000000d68fb088,0x00000000d6900000)
  from space 2560K, 77% used [0x00000000d6900000,0x00000000d6af0020,0x00000000d6b80000)
  to   space 2560K, 0% used [0x00000000d6b80000,0x00000000d6b80000,0x00000000d6e00000)
 ParOldGen       total 85504K, used 85079K [0x0000000080000000, 0x0000000085380000, 0x00000000d5580000)
  object space 85504K, 99% used [0x0000000080000000,0x0000000085315c98,0x0000000085380000)
 Metaspace       used 73863K, committed 75392K, reserved 1179648K
  class space    used 9089K, committed 9792K, reserved 1048576K
}
Event: 33.309 GC heap after
{Heap after GC invocations=91 (full 3):
 PSYoungGen      total 20480K, used 448K [0x00000000d5580000, 0x00000000d6c00000, 0x0000000100000000)
  eden space 19968K, 0% used [0x00000000d5580000,0x00000000d5580000,0x00000000d6900000)
  from space 512K, 87% used [0x00000000d6b80000,0x00000000d6bf0000,0x00000000d6c00000)
  to   space 1536K, 0% used [0x00000000d6900000,0x00000000d6900000,0x00000000d6a80000)
 ParOldGen       total 87040K, used 86887K [0x0000000080000000, 0x0000000085500000, 0x00000000d5580000)
  object space 87040K, 99% used [0x0000000080000000,0x00000000854d9cb8,0x0000000085500000)
 Metaspace       used 73863K, committed 75392K, reserved 1179648K
  class space    used 9089K, committed 9792K, reserved 1048576K
}
Event: 33.603 GC heap before
{Heap before GC invocations=92 (full 3):
 PSYoungGen      total 20480K, used 20416K [0x00000000d5580000, 0x00000000d6c00000, 0x0000000100000000)
  eden space 19968K, 100% used [0x00000000d5580000,0x00000000d6900000,0x00000000d6900000)
  from space 512K, 87% used [0x00000000d6b80000,0x00000000d6bf0000,0x00000000d6c00000)
  to   space 1536K, 0% used [0x00000000d6900000,0x00000000d6900000,0x00000000d6a80000)
 ParOldGen       total 87040K, used 86887K [0x0000000080000000, 0x0000000085500000, 0x00000000d5580000)
  object space 87040K, 99% used [0x0000000080000000,0x00000000854d9cb8,0x0000000085500000)
 Metaspace       used 74970K, committed 76544K, reserved 1179648K
  class space    used 9220K, committed 9920K, reserved 1048576K
}
Event: 33.606 GC heap after
{Heap after GC invocations=92 (full 3):
 PSYoungGen      total 21504K, used 1527K [0x00000000d5580000, 0x00000000d6e00000, 0x0000000100000000)
  eden space 19968K, 0% used [0x00000000d5580000,0x00000000d5580000,0x00000000d6900000)
  from space 1536K, 99% used [0x00000000d6900000,0x00000000d6a7df48,0x00000000d6a80000)
  to   space 2560K, 0% used [0x00000000d6b80000,0x00000000d6b80000,0x00000000d6e00000)
 ParOldGen       total 87552K, used 87511K [0x0000000080000000, 0x0000000085580000, 0x00000000d5580000)
  object space 87552K, 99% used [0x0000000080000000,0x0000000085575cb8,0x0000000085580000)
 Metaspace       used 74970K, committed 76544K, reserved 1179648K
  class space    used 9220K, committed 9920K, reserved 1048576K
}
Event: 33.963 GC heap before
{Heap before GC invocations=93 (full 3):
 PSYoungGen      total 21504K, used 21495K [0x00000000d5580000, 0x00000000d6e00000, 0x0000000100000000)
  eden space 19968K, 100% used [0x00000000d5580000,0x00000000d6900000,0x00000000d6900000)
  from space 1536K, 99% used [0x00000000d6900000,0x00000000d6a7df48,0x00000000d6a80000)
  to   space 2560K, 0% used [0x00000000d6b80000,0x00000000d6b80000,0x00000000d6e00000)
 ParOldGen       total 87552K, used 87511K [0x0000000080000000, 0x0000000085580000, 0x00000000d5580000)
  object space 87552K, 99% used [0x0000000080000000,0x0000000085575cb8,0x0000000085580000)
 Metaspace       used 75953K, committed 77504K, reserved 1179648K
  class space    used 9331K, committed 10048K, reserved 1048576K
}
Event: 33.966 GC heap after
{Heap after GC invocations=93 (full 3):
 PSYoungGen      total 22016K, used 1694K [0x00000000d5580000, 0x00000000d6d80000, 0x0000000100000000)
  eden space 19968K, 0% used [0x00000000d5580000,0x00000000d5580000,0x00000000d6900000)
  from space 2048K, 82% used [0x00000000d6b80000,0x00000000d6d27b08,0x00000000d6d80000)
  to   space 2048K, 0% used [0x00000000d6980000,0x00000000d6980000,0x00000000d6b80000)
 ParOldGen       total 88576K, used 88535K [0x0000000080000000, 0x0000000085680000, 0x00000000d5580000)
  object space 88576K, 99% used [0x0000000080000000,0x0000000085675cc8,0x0000000085680000)
 Metaspace       used 75953K, committed 77504K, reserved 1179648K
  class space    used 9331K, committed 10048K, reserved 1048576K
}

Dll operation events (20 events):
Event: 0.248 Attempting to load shared library C:\Users\3031460\.vscode\extensions\redhat.java-1.56.0-win32-x64\jre\21.0.12.1-win32-x86_64\bin\zip.dll
Event: 0.248 Loaded shared library C:\Users\3031460\.vscode\extensions\redhat.java-1.56.0-win32-x64\jre\21.0.12.1-win32-x86_64\bin\zip.dll
Event: 0.301 Attempting to load shared library C:\Users\3031460\.vscode\extensions\redhat.java-1.56.0-win32-x64\jre\21.0.12.1-win32-x86_64\bin\jimage.dll
Event: 0.301 Loaded shared library C:\Users\3031460\.vscode\extensions\redhat.java-1.56.0-win32-x64\jre\21.0.12.1-win32-x86_64\bin\jimage.dll
Event: 0.515 Attempting to load shared library c:\Users\3031460\.vscode\extensions\redhat.java-1.56.0-win32-x64\jre\21.0.12.1-win32-x86_64\bin\verify.dll
Event: 0.517 Loaded shared library c:\Users\3031460\.vscode\extensions\redhat.java-1.56.0-win32-x64\jre\21.0.12.1-win32-x86_64\bin\verify.dll
Event: 2.831 Attempting to load shared library C:\Users\3031460\AppData\Roaming\Code\User\globalStorage\redhat.java\1.56.0\config_win\org.eclipse.equinox.launcher\org.eclipse.equinox.launcher.win32.win32.x86_64_1.3.100.v20260804-1928\eclipse_11924.dll
Event: 2.834 Loaded shared library C:\Users\3031460\AppData\Roaming\Code\User\globalStorage\redhat.java\1.56.0\config_win\org.eclipse.equinox.launcher\org.eclipse.equinox.launcher.win32.win32.x86_64_1.3.100.v20260804-1928\eclipse_11924.dll
Event: 6.651 Attempting to load shared library C:\Users\3031460\AppData\Local\Temp\jna--559142253\jna8749784182548595585.dll
Event: 6.655 Loaded shared library C:\Users\3031460\AppData\Local\Temp\jna--559142253\jna8749784182548595585.dll
Event: 12.504 Attempting to load shared library C:\Users\3031460\.gradle\native\660c5614fbf4a5f2a75b1949f50a0caf5cd603558e7d8a26e50b933a0cfb79d1\windows-amd64\native-platform.dll
Event: 12.504 Loaded shared library C:\Users\3031460\.gradle\native\660c5614fbf4a5f2a75b1949f50a0caf5cd603558e7d8a26e50b933a0cfb79d1\windows-amd64\native-platform.dll
Event: 12.854 Attempting to load shared library C:\Users\3031460\.vscode\extensions\redhat.java-1.56.0-win32-x64\jre\21.0.12.1-win32-x86_64\bin\management.dll
Event: 12.856 Loaded shared library C:\Users\3031460\.vscode\extensions\redhat.java-1.56.0-win32-x64\jre\21.0.12.1-win32-x86_64\bin\management.dll
Event: 12.861 Attempting to load shared library C:\Users\3031460\.vscode\extensions\redhat.java-1.56.0-win32-x64\jre\21.0.12.1-win32-x86_64\bin\management_ext.dll
Event: 12.862 Loaded shared library C:\Users\3031460\.vscode\extensions\redhat.java-1.56.0-win32-x64\jre\21.0.12.1-win32-x86_64\bin\management_ext.dll
Event: 18.164 Attempting to load shared library C:\Users\3031460\.vscode\extensions\redhat.java-1.56.0-win32-x64\jre\21.0.12.1-win32-x86_64\bin\extnet.dll
Event: 18.164 Loaded shared library C:\Users\3031460\.vscode\extensions\redhat.java-1.56.0-win32-x64\jre\21.0.12.1-win32-x86_64\bin\extnet.dll
Event: 18.447 Attempting to load shared library C:\Users\3031460\.vscode\extensions\redhat.java-1.56.0-win32-x64\jre\21.0.12.1-win32-x86_64\bin\sunmscapi.dll
Event: 18.450 Loaded shared library C:\Users\3031460\.vscode\extensions\redhat.java-1.56.0-win32-x64\jre\21.0.12.1-win32-x86_64\bin\sunmscapi.dll

Deoptimization events (20 events):
Event: 314.635 Thread 0x000001b877f4eb40 Uncommon trap: trap_request=0xffffffc6 fr.pc=0x000001b86a6139dc relative=0x0000000000000fbc
Event: 314.635 Thread 0x000001b877f4eb40 Uncommon trap: reason=bimorphic_or_optimized_type_check action=maybe_recompile pc=0x000001b86a6139dc method=java.io.DataOutputStream.write([BII)V @ 7 c2
Event: 314.635 Thread 0x000001b877f4eb40 DEOPT PACKING pc=0x000001b86a6139dc sp=0x0000002f333fe9d0
Event: 314.635 Thread 0x000001b877f4eb40 DEOPT UNPACKING pc=0x000001b8699a3aa2 sp=0x0000002f333fe910 mode 2
Event: 314.635 Thread 0x000001b877f4eb40 Uncommon trap: trap_request=0xffffffc6 fr.pc=0x000001b86a6139dc relative=0x0000000000000fbc
Event: 314.635 Thread 0x000001b877f4eb40 Uncommon trap: reason=bimorphic_or_optimized_type_check action=maybe_recompile pc=0x000001b86a6139dc method=java.io.DataOutputStream.write([BII)V @ 7 c2
Event: 314.635 Thread 0x000001b877f4eb40 DEOPT PACKING pc=0x000001b86a6139dc sp=0x0000002f333fe910
Event: 314.635 Thread 0x000001b877f4eb40 DEOPT UNPACKING pc=0x000001b8699a3aa2 sp=0x0000002f333fe850 mode 2
Event: 314.636 Thread 0x000001b877f4eb40 Uncommon trap: trap_request=0xffffff45 fr.pc=0x000001b86a0711c8 relative=0x00000000000001a8
Event: 314.636 Thread 0x000001b877f4eb40 Uncommon trap: reason=unstable_if action=reinterpret pc=0x000001b86a0711c8 method=jdk.internal.org.objectweb.asm.Frame.push(I)V @ 26 c2
Event: 314.636 Thread 0x000001b877f4eb40 DEOPT PACKING pc=0x000001b86a0711c8 sp=0x0000002f333fd360
Event: 314.636 Thread 0x000001b877f4eb40 DEOPT UNPACKING pc=0x000001b8699a3aa2 sp=0x0000002f333fd2e8 mode 2
Event: 1385.476 Thread 0x000001b87d85adb0 Uncommon trap: trap_request=0xffffff45 fr.pc=0x000001b86a63a0ac relative=0x000000000000036c
Event: 1385.476 Thread 0x000001b87d85adb0 Uncommon trap: reason=unstable_if action=reinterpret pc=0x000001b86a63a0ac method=org.eclipse.core.runtime.Path.equals(Ljava/lang/Object;)Z @ 120 c2
Event: 1385.476 Thread 0x000001b87d85adb0 DEOPT PACKING pc=0x000001b86a63a0ac sp=0x0000002f345fee00
Event: 1385.476 Thread 0x000001b87d85adb0 DEOPT UNPACKING pc=0x000001b8699a3aa2 sp=0x0000002f345fed90 mode 2
Event: 1385.476 Thread 0x000001b87d85adb0 Uncommon trap: trap_request=0xffffff45 fr.pc=0x000001b86a073b90 relative=0x00000000000002b0
Event: 1385.476 Thread 0x000001b87d85adb0 Uncommon trap: reason=unstable_if action=reinterpret pc=0x000001b86a073b90 method=java.net.URI.equal(Ljava/lang/String;Ljava/lang/String;)Z @ 10 c2
Event: 1385.476 Thread 0x000001b87d85adb0 DEOPT PACKING pc=0x000001b86a073b90 sp=0x0000002f345feea0
Event: 1385.476 Thread 0x000001b87d85adb0 DEOPT UNPACKING pc=0x000001b8699a3aa2 sp=0x0000002f345fee40 mode 2

Classes loaded (20 events):
Event: 32.936 Loading class java/util/Vector$1
Event: 32.936 Loading class java/util/Vector$1 done
Event: 33.352 Loading class java/util/LinkedList$LLSpliterator
Event: 33.352 Loading class java/util/LinkedList$LLSpliterator done
Event: 33.521 Loading class java/util/stream/ReduceOps$4
Event: 33.522 Loading class java/util/stream/ReduceOps$4 done
Event: 33.522 Loading class java/util/stream/ReduceOps$4ReducingSink
Event: 33.522 Loading class java/util/stream/ReduceOps$4ReducingSink done
Event: 33.523 Loading class java/nio/file/Files$2
Event: 33.523 Loading class java/nio/file/Files$2 done
Event: 33.833 Loading class java/util/Hashtable$ValueCollection
Event: 33.833 Loading class java/util/Hashtable$ValueCollection done
Event: 314.617 Loading class java/util/stream/Nodes$CollectorTask$OfRef
Event: 314.617 Loading class java/util/stream/Nodes$CollectorTask
Event: 314.617 Loading class java/util/stream/Nodes$CollectorTask done
Event: 314.617 Loading class java/util/stream/Nodes$CollectorTask$OfRef done
Event: 314.618 Loading class java/util/stream/Nodes$ConcNode
Event: 314.618 Loading class java/util/stream/Nodes$AbstractConcNode
Event: 314.618 Loading class java/util/stream/Nodes$AbstractConcNode done
Event: 314.618 Loading class java/util/stream/Nodes$ConcNode done

Classes unloaded (20 events):
Event: 7.178 Thread 0x000001b875cb3730 Unloading class 0x000001b8011aac00 'java/lang/invoke/LambdaForm$MH+0x000001b8011aac00'
Event: 7.178 Thread 0x000001b875cb3730 Unloading class 0x000001b8011aa800 'java/lang/invoke/LambdaForm$MH+0x000001b8011aa800'
Event: 7.178 Thread 0x000001b875cb3730 Unloading class 0x000001b8011aa400 'java/lang/invoke/LambdaForm$MH+0x000001b8011aa400'
Event: 7.178 Thread 0x000001b875cb3730 Unloading class 0x000001b8011aa000 'java/lang/invoke/LambdaForm$BMH+0x000001b8011aa000'
Event: 7.178 Thread 0x000001b875cb3730 Unloading class 0x000001b8011a9c00 'java/lang/invoke/LambdaForm$DMH+0x000001b8011a9c00'
Event: 7.178 Thread 0x000001b875cb3730 Unloading class 0x000001b8011a8c00 'java/lang/invoke/LambdaForm$DMH+0x000001b8011a8c00'
Event: 8.516 Thread 0x000001b875cb3730 Unloading class 0x000001b801398c00 'java/lang/invoke/LambdaForm$MH+0x000001b801398c00'
Event: 8.516 Thread 0x000001b875cb3730 Unloading class 0x000001b801398400 'java/lang/invoke/LambdaForm$MH+0x000001b801398400'
Event: 8.516 Thread 0x000001b875cb3730 Unloading class 0x000001b801397c00 'java/lang/invoke/LambdaForm$MH+0x000001b801397c00'
Event: 8.516 Thread 0x000001b875cb3730 Unloading class 0x000001b801397800 'java/lang/invoke/LambdaForm$MH+0x000001b801397800'
Event: 8.516 Thread 0x000001b875cb3730 Unloading class 0x000001b801396c00 'java/lang/invoke/LambdaForm$DMH+0x000001b801396c00'
Event: 8.516 Thread 0x000001b875cb3730 Unloading class 0x000001b801396800 'java/lang/invoke/LambdaForm$MH+0x000001b801396800'
Event: 8.516 Thread 0x000001b875cb3730 Unloading class 0x000001b80138cc00 'java/lang/invoke/LambdaForm$MH+0x000001b80138cc00'
Event: 8.516 Thread 0x000001b875cb3730 Unloading class 0x000001b80138c400 'java/lang/invoke/LambdaForm$MH+0x000001b80138c400'
Event: 8.516 Thread 0x000001b875cb3730 Unloading class 0x000001b80138b800 'java/lang/invoke/LambdaForm$MH+0x000001b80138b800'
Event: 8.516 Thread 0x000001b875cb3730 Unloading class 0x000001b80138ac00 'java/lang/invoke/LambdaForm$MH+0x000001b80138ac00'
Event: 8.516 Thread 0x000001b875cb3730 Unloading class 0x000001b80138a000 'java/lang/invoke/LambdaForm$MH+0x000001b80138a000'
Event: 8.516 Thread 0x000001b875cb3730 Unloading class 0x000001b801389c00 'java/lang/invoke/LambdaForm$MH+0x000001b801389c00'
Event: 8.516 Thread 0x000001b875cb3730 Unloading class 0x000001b801388c00 'java/lang/invoke/LambdaForm$MH+0x000001b801388c00'
Event: 8.516 Thread 0x000001b875cb3730 Unloading class 0x000001b801388800 'java/lang/invoke/LambdaForm$MH+0x000001b801388800'

Classes redefined (0 events):
No events

Internal exceptions (20 events):
Event: 33.531 Thread 0x000001b87c482b80 Implicit null exception at 0x000001b86a51d64b to 0x000001b86a51d7a8
Event: 33.544 Thread 0x000001b87c4845c0 Exception <a 'java/lang/LinkageError'{0x00000000d6200318}: loader lombok.launch.ShadowClassLoader @1a43e25 attempted duplicate class definition for lombok.launch.PatchFixesHider$Delegate. (lombok.launch.PatchFixesHider$Delegate is in unnamed module of loader lombok.launch.ShadowClassLoader @1a43e25, parent loader org.eclipse.osgi.internal.loader.EquinoxClassLoader @5b8bd3fb)> (0x00000000d6200318) 
thrown [s\src\hotspot\share\classfile\systemDictionary.cpp, line 1673]
Event: 33.687 Thread 0x000001b87c482b80 Exception <a 'java/lang/LinkageError'{0x00000000d59e0930}: loader lombok.launch.ShadowClassLoader @1a43e25 attempted duplicate class definition for lombok.launch.PatchFixesHider$ExtensionMethod. (lombok.launch.PatchFixesHider$ExtensionMethod is in unnamed module of loader lombok.launch.ShadowClassLoader @1a43e25, parent loader org.eclipse.osgi.internal.loader.EquinoxClassLoader @5b8bd3fb)> (0x00000000d59e0930) 
thrown [s\src\hotspot\share\classfile\systemDictionary.cpp, line 1673]
Event: 33.723 Thread 0x000001b87c4845c0 Implicit null exception at 0x000001b86a5db339 to 0x000001b86a5dd3f8
Event: 33.842 Thread 0x000001b87c4880d0 Implicit null exception at 0x000001b86a3aeba1 to 0x000001b86a3aecf0
Event: 33.958 Thread 0x000001b87c4880d0 Exception <a 'java/lang/NoSuchMethodError'{0x00000000d68b1be0}: static Lorg/gradle/plugins/ide/internal/tooling/model/DefaultGradleProject;.<clinit>()V> (0x00000000d68b1be0) 
thrown [s\src\hotspot\share\prims\jni.cpp, line 1111]
Event: 33.959 Thread 0x000001b87c4880d0 Exception <a 'java/lang/NoSuchMethodError'{0x00000000d68c60f8}: static Lorg/gradle/plugins/ide/internal/tooling/model/DefaultGradleScript;.<clinit>()V> (0x00000000d68c60f8) 
thrown [s\src\hotspot\share\prims\jni.cpp, line 1111]
Event: 33.984 Thread 0x000001b87c4880d0 Exception <a 'java/lang/NoSuchMethodError'{0x00000000d566ad08}: static Lorg/gradle/tooling/internal/gradle/DefaultProjectIdentifier;.<clinit>()V> (0x00000000d566ad08) 
thrown [s\src\hotspot\share\prims\jni.cpp, line 1111]
Event: 33.984 Thread 0x000001b87c4880d0 Exception <a 'java/lang/NoSuchMethodError'{0x00000000d5679970}: static Lorg/gradle/tooling/internal/gradle/DefaultBuildIdentifier;.<clinit>()V> (0x00000000d5679970) 
thrown [s\src\hotspot\share\prims\jni.cpp, line 1111]
Event: 33.988 Thread 0x000001b87c4880d0 Exception <a 'java/lang/NoSuchMethodError'{0x00000000d56b9498}: static Lorg/gradle/plugins/ide/internal/tooling/model/LaunchableGradleTask;.<clinit>()V> (0x00000000d56b9498) 
thrown [s\src\hotspot\share\prims\jni.cpp, line 1111]
Event: 33.988 Thread 0x000001b87c4880d0 Exception <a 'java/lang/NoSuchMethodError'{0x00000000d56bf138}: static Lorg/gradle/plugins/ide/internal/tooling/model/LaunchableGradleProjectTask;.<clinit>()V> (0x00000000d56bf138) 
thrown [s\src\hotspot\share\prims\jni.cpp, line 1111]
Event: 34.026 Thread 0x000001b877f4e4b0 Exception <a 'java/lang/NoSuchMethodError'{0x00000000d584c8f8}: 'java.lang.Object java.lang.invoke.DirectMethodHandle$Holder.invokeStatic(java.lang.Object, java.lang.Object, int, java.lang.Object)'> (0x00000000d584c8f8) 
thrown [s\src\hotspot\share\interpreter\linkResolver.cpp, line 773]
Event: 34.027 Thread 0x000001b877f4e4b0 Exception <a 'java/lang/NoSuchMethodError'{0x00000000d58531e0}: 'java.lang.Object java.lang.invoke.DirectMethodHandle$Holder.newInvokeSpecial(java.lang.Object, java.lang.Object, int)'> (0x00000000d58531e0) 
thrown [s\src\hotspot\share\interpreter\linkResolver.cpp, line 773]
Event: 37.029 Thread 0x000001b877f4d790 Exception <a 'sun/nio/fs/WindowsException'{0x00000000d58fd300}> (0x00000000d58fd300) 
thrown [s\src\hotspot\share\prims\jni.cpp, line 520]
Event: 37.029 Thread 0x000001b877f4d790 Exception <a 'sun/nio/fs/WindowsException'{0x00000000d58fdcb0}> (0x00000000d58fdcb0) 
thrown [s\src\hotspot\share\prims\jni.cpp, line 520]
Event: 37.044 Thread 0x000001b877f4d790 Exception <a 'sun/nio/fs/WindowsException'{0x00000000d5973008}> (0x00000000d5973008) 
thrown [s\src\hotspot\share\prims\jni.cpp, line 520]
Event: 37.044 Thread 0x000001b877f4d790 Exception <a 'sun/nio/fs/WindowsException'{0x00000000d5973748}> (0x00000000d5973748) 
thrown [s\src\hotspot\share\prims\jni.cpp, line 520]
Event: 314.624 Thread 0x000001b877f4eb40 Exception <a 'sun/nio/fs/WindowsException'{0x00000000d5bfb618}> (0x00000000d5bfb618) 
thrown [s\src\hotspot\share\prims\jni.cpp, line 520]
Event: 314.624 Thread 0x000001b877f4eb40 Exception <a 'sun/nio/fs/WindowsException'{0x00000000d5bfc268}> (0x00000000d5bfc268) 
thrown [s\src\hotspot\share\prims\jni.cpp, line 520]
Event: 314.624 Thread 0x000001b877f4eb40 Implicit null exception at 0x000001b86a1fa50d to 0x000001b86a1fa85c

ZGC Phase Switch (0 events):
No events

VM Operations (20 events):
Event: 360.937 Executing non-safepoint VM operation: HandshakeAllThreads (HandshakeForDeflation)
Event: 360.937 Executing non-safepoint VM operation: HandshakeAllThreads (HandshakeForDeflation) done
Event: 360.937 Executing non-safepoint VM operation: RendezvousGCThreads
Event: 360.937 Executing non-safepoint VM operation: RendezvousGCThreads done
Event: 723.151 Executing safepoint VM operation: Cleanup
Event: 723.151 Executing safepoint VM operation: Cleanup done
Event: 869.230 Executing safepoint VM operation: Cleanup
Event: 869.230 Executing safepoint VM operation: Cleanup done
Event: 1207.421 Executing safepoint VM operation: Cleanup
Event: 1207.421 Executing safepoint VM operation: Cleanup done
Event: 1262.942 Executing non-safepoint VM operation: HandshakeAllThreads (HandshakeForDeflation)
Event: 1262.942 Executing non-safepoint VM operation: HandshakeAllThreads (HandshakeForDeflation) done
Event: 1262.942 Executing non-safepoint VM operation: RendezvousGCThreads
Event: 1262.942 Executing non-safepoint VM operation: RendezvousGCThreads done
Event: 1383.226 Executing non-safepoint VM operation: HandshakeAllThreads (HandshakeForDeflation)
Event: 1383.226 Executing non-safepoint VM operation: HandshakeAllThreads (HandshakeForDeflation) done
Event: 1383.226 Executing non-safepoint VM operation: RendezvousGCThreads
Event: 1383.226 Executing non-safepoint VM operation: RendezvousGCThreads done
Event: 1386.226 Executing safepoint VM operation: Cleanup
Event: 1386.226 Executing safepoint VM operation: Cleanup done

Memory protections (0 events):
No events

Nmethod flushes (20 events):
Event: 14.117 Thread 0x000001b875cb3730 flushing  nmethod 0x000001b862c8b290
Event: 14.117 Thread 0x000001b875cb3730 flushing  nmethod 0x000001b862c8e790
Event: 14.117 Thread 0x000001b875cb3730 flushing  nmethod 0x000001b862c8ee90
Event: 14.117 Thread 0x000001b875cb3730 flushing  nmethod 0x000001b862c8f490
Event: 14.117 Thread 0x000001b875cb3730 flushing  nmethod 0x000001b862c8fc10
Event: 14.117 Thread 0x000001b875cb3730 flushing  nmethod 0x000001b862c91c10
Event: 14.117 Thread 0x000001b875cb3730 flushing  nmethod 0x000001b862ca2910
Event: 14.117 Thread 0x000001b875cb3730 flushing  nmethod 0x000001b862ca2e90
Event: 14.117 Thread 0x000001b875cb3730 flushing  nmethod 0x000001b862ca9c10
Event: 14.117 Thread 0x000001b875cb3730 flushing  nmethod 0x000001b862cadb10
Event: 14.117 Thread 0x000001b875cb3730 flushing osr nmethod 0x000001b862d19110
Event: 14.117 Thread 0x000001b875cb3730 flushing  nmethod 0x000001b862d1b790
Event: 14.117 Thread 0x000001b875cb3730 flushing  nmethod 0x000001b862d2aa90
Event: 14.117 Thread 0x000001b875cb3730 flushing  nmethod 0x000001b862d2c390
Event: 14.117 Thread 0x000001b875cb3730 flushing  nmethod 0x000001b862d2de90
Event: 14.117 Thread 0x000001b875cb3730 flushing  nmethod 0x000001b862d30810
Event: 14.117 Thread 0x000001b875cb3730 flushing  nmethod 0x000001b862d37d90
Event: 14.117 Thread 0x000001b875cb3730 flushing  nmethod 0x000001b862d39610
Event: 14.117 Thread 0x000001b875cb3730 flushing  nmethod 0x000001b862d3c610
Event: 14.117 Thread 0x000001b875cb3730 flushing  nmethod 0x000001b862d3cd90

Events (20 events):
Event: 34.474 Thread 0x000001b841431f10 Thread exited: 0x000001b841431f10
Event: 34.474 Thread 0x000001b87fb791f0 Thread exited: 0x000001b87fb791f0
Event: 96.942 Thread 0x000001b877f4f860 Thread exited: 0x000001b877f4f860
Event: 97.028 Thread 0x000001b877f4f1d0 Thread exited: 0x000001b877f4f1d0
Event: 97.047 Thread 0x000001b87c482b80 Thread exited: 0x000001b87c482b80
Event: 97.139 Thread 0x000001b877f4d100 Thread exited: 0x000001b877f4d100
Event: 154.042 Thread 0x000001b877f4e4b0 Thread exited: 0x000001b877f4e4b0
Event: 157.048 Thread 0x000001b87c4845c0 Thread exited: 0x000001b87c4845c0
Event: 217.048 Thread 0x000001b87c4838a0 Thread exited: 0x000001b87c4838a0
Event: 277.048 Thread 0x000001b87c483210 Thread exited: 0x000001b87c483210
Event: 314.614 Thread 0x000001b877f4eb40 Thread added: 0x000001b87c4845c0
Event: 314.618 Thread 0x000001b87c4845c0 Thread exited: 0x000001b87c4845c0
Event: 314.625 Thread 0x000001b877f4eb40 Thread added: 0x000001b87c4845c0
Event: 314.626 Thread 0x000001b87c4845c0 Thread exited: 0x000001b87c4845c0
Event: 333.483 Thread 0x000001b87d85ce80 Thread exited: 0x000001b87d85ce80
Event: 337.049 Thread 0x000001b87c483f30 Thread exited: 0x000001b87c483f30
Event: 397.049 Thread 0x000001b87c4824f0 Thread exited: 0x000001b87c4824f0
Event: 633.483 Thread 0x000001b87d399ad0 Thread exited: 0x000001b87d399ad0
Event: 933.484 Thread 0x000001b87d39ae80 Thread exited: 0x000001b87d39ae80
Event: 1233.485 Thread 0x000001b87d39a7f0 Thread exited: 0x000001b87d39a7f0


Dynamic libraries:
0x00007ff769e50000 - 0x00007ff769e5e000 	c:\Users\3031460\.vscode\extensions\redhat.java-1.56.0-win32-x64\jre\21.0.12.1-win32-x86_64\bin\java.exe
0x00007ff8cfc60000 - 0x00007ff8cfec6000 	C:\WINDOWS\SYSTEM32\ntdll.dll
0x00007ff8ceee0000 - 0x00007ff8cefa9000 	C:\WINDOWS\System32\KERNEL32.DLL
0x00007ff8cd150000 - 0x00007ff8cd54f000 	C:\WINDOWS\System32\KERNELBASE.dll
0x00007ff8cce70000 - 0x00007ff8ccfbc000 	C:\WINDOWS\System32\ucrtbase.dll
0x00007ff8a98d0000 - 0x00007ff8a98e8000 	c:\Users\3031460\.vscode\extensions\redhat.java-1.56.0-win32-x64\jre\21.0.12.1-win32-x86_64\bin\jli.dll
0x00007ff8ce990000 - 0x00007ff8ceb56000 	C:\WINDOWS\System32\USER32.dll
0x00007ff8ccfd0000 - 0x00007ff8ccff7000 	C:\WINDOWS\System32\win32u.dll
0x00007ff8cdbb0000 - 0x00007ff8cdbdb000 	C:\WINDOWS\System32\GDI32.dll
0x00007ff8cd7a0000 - 0x00007ff8cd8c9000 	C:\WINDOWS\System32\gdi32full.dll
0x00007ff8cd6f0000 - 0x00007ff8cd793000 	C:\WINDOWS\System32\msvcp_win.dll
0x00007ff8a8700000 - 0x00007ff8a871e000 	c:\Users\3031460\.vscode\extensions\redhat.java-1.56.0-win32-x64\jre\21.0.12.1-win32-x86_64\bin\VCRUNTIME140.dll
0x00007ff8943a0000 - 0x00007ff894631000 	C:\WINDOWS\WinSxS\amd64_microsoft.windows.common-controls_6595b64144ccf1df_6.0.26100.8972_none_3e0da176e32f9d4b\COMCTL32.dll
0x00007ff8cdbe0000 - 0x00007ff8cdc89000 	C:\WINDOWS\System32\msvcrt.dll
0x00007ff8ce300000 - 0x00007ff8ce332000 	C:\WINDOWS\System32\IMM32.DLL
0x00007ff8c96c0000 - 0x00007ff8c96cc000 	c:\Users\3031460\.vscode\extensions\redhat.java-1.56.0-win32-x64\jre\21.0.12.1-win32-x86_64\bin\vcruntime140_1.dll
0x00007ff8a6720000 - 0x00007ff8a67ad000 	c:\Users\3031460\.vscode\extensions\redhat.java-1.56.0-win32-x64\jre\21.0.12.1-win32-x86_64\bin\msvcp140.dll
0x00007ff84c230000 - 0x00007ff84cfd2000 	c:\Users\3031460\.vscode\extensions\redhat.java-1.56.0-win32-x64\jre\21.0.12.1-win32-x86_64\bin\server\jvm.dll
0x00007ff8cdd30000 - 0x00007ff8cddec000 	C:\WINDOWS\System32\ADVAPI32.dll
0x00007ff8cdff0000 - 0x00007ff8ce09a000 	C:\WINDOWS\System32\sechost.dll
0x00007ff8cda90000 - 0x00007ff8cdba8000 	C:\WINDOWS\System32\RPCRT4.dll
0x00007ff8ceb60000 - 0x00007ff8cebe2000 	C:\WINDOWS\System32\WS2_32.dll
0x00007ff8cccd0000 - 0x00007ff8ccd2e000 	C:\WINDOWS\SYSTEM32\POWRPROF.dll
0x00007ff8bd8c0000 - 0x00007ff8bd8cb000 	C:\WINDOWS\SYSTEM32\VERSION.dll
0x00007ff8c5f10000 - 0x00007ff8c5f46000 	C:\WINDOWS\SYSTEM32\WINMM.dll
0x00007ff8ccca0000 - 0x00007ff8cccb5000 	C:\WINDOWS\SYSTEM32\UMPDC.dll
0x00007ff8cbb20000 - 0x00007ff8cbb3b000 	C:\WINDOWS\SYSTEM32\kernel.appcore.dll
0x00007ff8c7580000 - 0x00007ff8c758a000 	c:\Users\3031460\.vscode\extensions\redhat.java-1.56.0-win32-x64\jre\21.0.12.1-win32-x86_64\bin\jimage.dll
0x00007ff8ca320000 - 0x00007ff8ca562000 	C:\WINDOWS\SYSTEM32\DBGHELP.DLL
0x00007ff8cf740000 - 0x00007ff8cfac5000 	C:\WINDOWS\System32\combase.dll
0x00007ff8cfad0000 - 0x00007ff8cfba9000 	C:\WINDOWS\System32\OLEAUT32.dll
0x00007ff8b0850000 - 0x00007ff8b088b000 	C:\WINDOWS\SYSTEM32\dbgcore.DLL
0x00007ff8cd000000 - 0x00007ff8cd0ac000 	C:\WINDOWS\System32\bcryptPrimitives.dll
0x00007ff8b0cb0000 - 0x00007ff8b0cbf000 	c:\Users\3031460\.vscode\extensions\redhat.java-1.56.0-win32-x64\jre\21.0.12.1-win32-x86_64\bin\instrument.dll
0x00007ff8a8590000 - 0x00007ff8a85b0000 	c:\Users\3031460\.vscode\extensions\redhat.java-1.56.0-win32-x64\jre\21.0.12.1-win32-x86_64\bin\java.dll
0x00007ff8cefb0000 - 0x00007ff8cf738000 	C:\WINDOWS\System32\SHELL32.dll
0x00007ff8ca8e0000 - 0x00007ff8cb17b000 	C:\WINDOWS\SYSTEM32\windows.storage.dll
0x00007ff8cd990000 - 0x00007ff8cda89000 	C:\WINDOWS\System32\SHCORE.dll
0x00007ff8cfbb0000 - 0x00007ff8cfc16000 	C:\WINDOWS\System32\shlwapi.dll
0x00007ff8ccd90000 - 0x00007ff8ccdb9000 	C:\WINDOWS\SYSTEM32\profapi.dll
0x00007ff8a7c70000 - 0x00007ff8a7c88000 	c:\Users\3031460\.vscode\extensions\redhat.java-1.56.0-win32-x64\jre\21.0.12.1-win32-x86_64\bin\zip.dll
0x00007ff8b0ee0000 - 0x00007ff8b0ef0000 	C:\Users\3031460\.vscode\extensions\redhat.java-1.56.0-win32-x64\jre\21.0.12.1-win32-x86_64\bin\net.dll
0x00007ff8c5150000 - 0x00007ff8c5278000 	C:\WINDOWS\SYSTEM32\WINHTTP.dll
0x00007ff8cc0b0000 - 0x00007ff8cc11c000 	C:\WINDOWS\system32\mswsock.dll
0x00007ff8a7c50000 - 0x00007ff8a7c66000 	C:\Users\3031460\.vscode\extensions\redhat.java-1.56.0-win32-x64\jre\21.0.12.1-win32-x86_64\bin\nio.dll
0x00007ff8b07f0000 - 0x00007ff8b0800000 	c:\Users\3031460\.vscode\extensions\redhat.java-1.56.0-win32-x64\jre\21.0.12.1-win32-x86_64\bin\verify.dll
0x00007ff8a66d0000 - 0x00007ff8a6715000 	C:\Users\3031460\AppData\Roaming\Code\User\globalStorage\redhat.java\1.56.0\config_win\org.eclipse.equinox.launcher\org.eclipse.equinox.launcher.win32.win32.x86_64_1.3.100.v20260804-1928\eclipse_11924.dll
0x00007ff8cebf0000 - 0x00007ff8ced89000 	C:\WINDOWS\System32\ole32.dll
0x00007ff8cc4d0000 - 0x00007ff8cc4eb000 	C:\WINDOWS\SYSTEM32\CRYPTSP.dll
0x00007ff8cba80000 - 0x00007ff8cbab9000 	C:\WINDOWS\system32\rsaenh.dll
0x00007ff8cc160000 - 0x00007ff8cc192000 	C:\WINDOWS\SYSTEM32\USERENV.dll
0x00007ff8ccd60000 - 0x00007ff8ccd8a000 	C:\WINDOWS\SYSTEM32\bcrypt.dll
0x00007ff8cc310000 - 0x00007ff8cc31c000 	C:\WINDOWS\SYSTEM32\CRYPTBASE.dll
0x00007ff8cb520000 - 0x00007ff8cb553000 	C:\WINDOWS\SYSTEM32\IPHLPAPI.DLL
0x00007ff8cdf90000 - 0x00007ff8cdf9a000 	C:\WINDOWS\System32\NSI.dll
0x00007ff8a63b0000 - 0x00007ff8a63f9000 	C:\Users\3031460\AppData\Local\Temp\jna--559142253\jna8749784182548595585.dll
0x00007ff8cee50000 - 0x00007ff8cee58000 	C:\WINDOWS\System32\PSAPI.DLL
0x00007ff8c5550000 - 0x00007ff8c556d000 	C:\WINDOWS\SYSTEM32\dhcpcsvc6.DLL
0x00007ff8c54e0000 - 0x00007ff8c5505000 	C:\WINDOWS\SYSTEM32\dhcpcsvc.DLL
0x00007ff8524d0000 - 0x00007ff8524f7000 	C:\Users\3031460\.gradle\native\660c5614fbf4a5f2a75b1949f50a0caf5cd603558e7d8a26e50b933a0cfb79d1\windows-amd64\native-platform.dll
0x00007ff8aa490000 - 0x00007ff8aa49a000 	C:\Users\3031460\.vscode\extensions\redhat.java-1.56.0-win32-x64\jre\21.0.12.1-win32-x86_64\bin\management.dll
0x00007ff8a9de0000 - 0x00007ff8a9dec000 	C:\Users\3031460\.vscode\extensions\redhat.java-1.56.0-win32-x64\jre\21.0.12.1-win32-x86_64\bin\management_ext.dll
0x00007ff8a9940000 - 0x00007ff8a9949000 	C:\Users\3031460\.vscode\extensions\redhat.java-1.56.0-win32-x64\jre\21.0.12.1-win32-x86_64\bin\extnet.dll
0x00007ff8a87f0000 - 0x00007ff8a87fe000 	C:\Users\3031460\.vscode\extensions\redhat.java-1.56.0-win32-x64\jre\21.0.12.1-win32-x86_64\bin\sunmscapi.dll
0x00007ff8cd560000 - 0x00007ff8cd6de000 	C:\WINDOWS\System32\CRYPT32.dll
0x00007ff8cc640000 - 0x00007ff8cc670000 	C:\WINDOWS\SYSTEM32\ncrypt.dll
0x00007ff8cc5f0000 - 0x00007ff8cc62f000 	C:\WINDOWS\SYSTEM32\NTASN1.dll
0x00007ff883060000 - 0x00007ff883068000 	C:\WINDOWS\system32\wshunix.dll

JVMTI agents:
c:\Users\3031460\.vscode\extensions\redhat.java-1.56.0-win32-x64\lombok\lombok-1.18.39-4050.jar path:c:\Users\3031460\.vscode\extensions\redhat.java-1.56.0-win32-x64\jre\21.0.12.1-win32-x86_64\bin\instrument.dll, loaded, initialized, instrumentlib options:none

dbghelp: loaded successfully - version: 4.0.5 - missing functions: none
symbol engine: initialized successfully - sym options: 0x614 - pdb path: .;c:\Users\3031460\.vscode\extensions\redhat.java-1.56.0-win32-x64\jre\21.0.12.1-win32-x86_64\bin;C:\WINDOWS\SYSTEM32;C:\WINDOWS\WinSxS\amd64_microsoft.windows.common-controls_6595b64144ccf1df_6.0.26100.8972_none_3e0da176e32f9d4b;c:\Users\3031460\.vscode\extensions\redhat.java-1.56.0-win32-x64\jre\21.0.12.1-win32-x86_64\bin\server;C:\Users\3031460\AppData\Roaming\Code\User\globalStorage\redhat.java\1.56.0\config_win\org.eclipse.equinox.launcher\org.eclipse.equinox.launcher.win32.win32.x86_64_1.3.100.v20260804-1928;C:\Users\3031460\AppData\Local\Temp\jna--559142253;C:\Users\3031460\.gradle\native\660c5614fbf4a5f2a75b1949f50a0caf5cd603558e7d8a26e50b933a0cfb79d1\windows-amd64

VM Arguments:
jvm_args: --add-modules=ALL-SYSTEM --add-opens=java.base/java.util=ALL-UNNAMED --add-opens=java.base/java.lang=ALL-UNNAMED --add-opens=java.base/sun.nio.fs=ALL-UNNAMED -Declipse.application=org.eclipse.jdt.ls.core.id1 -Dosgi.bundles.defaultStartLevel=4 -Declipse.product=org.eclipse.jdt.ls.core.product -Djava.import.generatesMetadataFilesAtProjectRoot=false -Dm2e.project.cache.size=50 -DDetectVMInstallationsJob.disabled=true -Dfile.encoding=utf8 -XX:+UseParallelGC -XX:GCTimeRatio=4 -XX:AdaptiveSizePolicyWeight=90 -Dsun.zip.disableMemoryMapping=true -Xmx2G -Xms100m -Xlog:disable -javaagent:c:\Users\3031460\.vscode\extensions\redhat.java-1.56.0-win32-x64\lombok\lombok-1.18.39-4050.jar -XX:+HeapDumpOnOutOfMemoryError -XX:HeapDumpPath=c:\Users\3031460\AppData\Roaming\Code\User\workspaceStorage\4c784b4f12ec0b719920d6c1e88dc6bb\redhat.java -Daether.dependencyCollector.impl=bf 
java_command: c:\Users\3031460\.vscode\extensions\redhat.java-1.56.0-win32-x64\server\plugins\org.eclipse.equinox.launcher_1.8.0.v20260804-1928.jar -configuration c:\Users\3031460\AppData\Roaming\Code\User\globalStorage\redhat.java\1.56.0\config_win -data c:\Users\3031460\AppData\Roaming\Code\User\workspaceStorage\4c784b4f12ec0b719920d6c1e88dc6bb\redhat.java\jdt_ws --pipe=\\.\pipe\lsp-630df4c5c888ddc83ada0c25490affbe-sock
java_class_path (initial): c:\Users\3031460\.vscode\extensions\redhat.java-1.56.0-win32-x64\server\plugins\org.eclipse.equinox.launcher_1.8.0.v20260804-1928.jar
Launcher Type: SUN_STANDARD

[Global flags]
    uintx AdaptiveSizePolicyWeight                 = 90                                        {product} {command line}
     intx CICompilerCount                          = 4                                         {product} {ergonomic}
    uintx GCTimeRatio                              = 4                                         {product} {command line}
     bool HeapDumpOnOutOfMemoryError               = true                                   {manageable} {command line}
    ccstr HeapDumpPath                             = c:\Users\3031460\AppData\Roaming\Code\User\workspaceStorage\4c784b4f12ec0b719920d6c1e88dc6bb\redhat.java         {manageable} {command line}
   size_t InitialHeapSize                          = 104857600                                 {product} {command line}
   size_t MaxHeapSize                              = 2147483648                                {product} {command line}
   size_t MaxNewSize                               = 715653120                                 {product} {ergonomic}
   size_t MinHeapDeltaBytes                        = 524288                                    {product} {ergonomic}
   size_t MinHeapSize                              = 104857600                                 {product} {command line}
   size_t NewSize                                  = 34603008                                  {product} {ergonomic}
    uintx NonNMethodCodeHeapSize                   = 5839372                                {pd product} {ergonomic}
    uintx NonProfiledCodeHeapSize                  = 122909434                              {pd product} {ergonomic}
   size_t OldSize                                  = 70254592                                  {product} {ergonomic}
    uintx ProfiledCodeHeapSize                     = 122909434                              {pd product} {ergonomic}
    uintx ReservedCodeCacheSize                    = 251658240                              {pd product} {ergonomic}
     bool SegmentedCodeCache                       = true                                      {product} {ergonomic}
   size_t SoftMaxHeapSize                          = 2147483648                             {manageable} {ergonomic}
     bool UseCompressedOops                        = true                           {product lp64_product} {ergonomic}
     bool UseLargePagesIndividualAllocation        = false                                  {pd product} {ergonomic}
     bool UseParallelGC                            = true                                      {product} {command line}

Logging:
Log output configuration:
 #0: stdout all=off uptime,level,tags foldmultilines=false
 #1: stderr all=off uptime,level,tags foldmultilines=false

Release file:
JAVA_VERSION="21.0.12.1" 
MODULES="java.base java.compiler java.datatransfer java.xml java.prefs java.desktop java.instrument java.logging java.management java.security.sasl java.naming java.rmi java.management.rmi java.net.http java.scripting java.security.jgss java.transaction.xa java.sql java.sql.rowset java.xml.crypto java.se java.smartcardio jdk.accessibility jdk.internal.jvmstat jdk.attach jdk.charsets jdk.internal.opt jdk.zipfs jdk.compiler jdk.crypto.ec jdk.crypto.cryptoki jdk.crypto.mscapi jdk.dynalink jdk.internal.ed jdk.editpad jdk.hotspot.agent jdk.httpserver jdk.internal.le jdk.internal.vm.ci jdk.internal.vm.compiler jdk.internal.vm.compiler.management jdk.jartool jdk.javadoc jdk.jcmd jdk.management jdk.management.agent jdk.jconsole jdk.jdeps jdk.jdwp.agent jdk.jdi jdk.jfr jdk.jshell jdk.jsobject jdk.jstatd jdk.localedata jdk.management.jfr jdk.naming.dns jdk.naming.rmi jdk.net jdk.nio.mapmode jdk.random jdk.sctp jdk.security.auth jdk.security.jgss jdk.unsupported jdk.unsupported.desktop jdk.xml.dom" 

Environment Variables:
PATH=C:\Program Files\Eclipse Adoptium\jdk-21.0.12.101-hotspot\bin;C:\WINDOWS\system32;C:\WINDOWS;C:\WINDOWS\System32\Wbem;C:\WINDOWS\System32\WindowsPowerShell\v1.0\;C:\WINDOWS\System32\OpenSSH\;C:\Program Files\nodejs\;C:\Program Files\Git\cmd;C:\Users\3031460\AppData\Local\Microsoft\WindowsApps;C:\Users\3031460\AppData\Local\Programs\Microsoft VS Code\bin;C:\Users\3031460\AppData\Roaming\npm
USERNAME=3031460
OS=Windows_NT
PROCESSOR_IDENTIFIER=Intel64 Family 6 Model 186 Stepping 3, GenuineIntel
TMP=C:\Users\3031460\AppData\Local\Temp
TEMP=C:\Users\3031460\AppData\Local\Temp




Periodic native trim disabled

---------------  S Y S T E M  ---------------

OS:
 Windows 11 , 64 bit Build 26100 (10.0.26100.9168)
OS uptime: 0 days 22:53 hours
Hyper-V role detected

CPU: total 12 (initial active 12) (6 cores per cpu, 2 threads per core) family 6 model 186 stepping 3 microcode 0x6134, cx8, cmov, fxsr, ht, mmx, 3dnowpref, sse, sse2, sse3, ssse3, sse4.1, sse4.2, popcnt, lzcnt, tsc, tscinvbit, avx, avx2, aes, erms, clmul, bmi1, bmi2, adx, sha, fma, vzeroupper, clflush, clflushopt, clwb, hv, serialize, rdtscp, rdpid, fsrm, f16c, cet_ibt, cet_ss
Processor Information for the first 12 processors :
  Max Mhz: 1300, Current Mhz: 1300, Mhz Limit: 1300

Memory: 4k page, system-wide physical 16016M (2013M free)
TotalPageFile size 20112M (AvailPageFile size 29M)
current process WorkingSet (physical memory assigned to process): 336M, peak: 376M
current process commit charge ("private bytes"): 433M, peak: 461M

vm_info: OpenJDK 64-Bit Server VM (21.0.12.1+1-LTS) for windows-amd64 JRE (21.0.12.1+1-LTS), built on 2026-08-18T00:00:00Z by "admin" with MS VC++ 17.12 (VS2022)

END.
